// Jest Snapshot v1, https://goo.gl/fbAQLP

exports[`Header renders correctly 1`] = `
<View
  pointerEvents="box-none"
  style={
    [
      {
        "bottom": 0,
        "height": "100%",
        "left": 0,
        "position": "absolute",
        "right": 0,
        "top": 0,
        "width": "100%",
      },
    ]
  }
>
  <Text>
    Overlay Content
  </Text>
</View>
`;
